[2026-04-16 10:04:57] [dlebel@D-1077] FAIL — wrong password
[2026-04-16 13:02:59] [dlebel@D-1077] SUCCESS
[2026-04-16 13:25:47] [dlebel@D-1077] SUCCESS
[2026-04-16 15:04:50] [dlebel@D-1077] SUCCESS
[2026-04-17 07:21:04] [dlebel@D-1077] SUCCESS
[2026-04-20 09:26:11] [dlebel@D-1077] SUCCESS
[2026-04-21 09:04:42] [dlebel@D-1077] FAIL — wrong password
[2026-04-21 09:04:47] [dlebel@D-1077] SUCCESS
[2026-04-21 14:08:43] [dlebel@D-1077] SUCCESS
[2026-04-22 15:57:07] [dshank@D-1073] FAIL — wrong password
[2026-04-22 15:57:20] [dshank@D-1073] FAIL — wrong password
[2026-04-22 15:59:50] [dshank@D-1073] SUCCESS
[2026-04-22 16:03:20] [dshank@D-1073] FAIL — wrong password
[2026-04-22 16:03:27] [dshank@D-1073] FAIL — wrong password
[2026-04-22 16:18:14] [dlebel@D-1077] SUCCESS
[2026-04-23 07:27:19] [dlebel@D-1077] SUCCESS
[2026-04-23 07:56:39] [dlebel@D-1077] SUCCESS
[2026-04-23 08:11:37] [dlebel@D-1077] SUCCESS
[2026-04-23 08:25:45] [dlebel@D-1077] SUCCESS
[2026-04-23 08:43:10] [dlebel@D-1077] SUCCESS
[2026-04-23 10:19:27] [dlebel@D-1077] SUCCESS
[2026-04-23 13:01:51] [dlebel@D-1077] SUCCESS
[2026-04-23 15:21:22] [dshank@D-1073] FAIL — wrong password
[2026-04-23 15:21:27] [dshank@D-1073] FAIL — wrong password
[2026-04-23 15:21:30] [dshank@D-1073] FAIL — wrong password
[2026-04-23 15:21:34] [dshank@D-1073] FAIL — wrong password
[2026-04-23 15:21:37] [dshank@D-1073] FAIL — wrong password
[2026-04-23 15:21:44] [dshank@D-1073] FAIL — wrong password
[2026-04-23 15:21:48] [dshank@D-1073] FAIL — wrong password
[2026-04-23 15:21:51] [dshank@D-1073] FAIL — wrong password
[2026-04-23 15:21:57] [dshank@D-1073] FAIL — wrong password
[2026-04-23 15:22:43] [dshank@D-1073] FAIL — wrong password
[2026-04-23 15:23:13] [dshank@D-1073] FAIL — wrong password
[2026-04-23 15:23:16] [dshank@D-1073] FAIL — wrong password
[2026-04-23 15:23:21] [dshank@D-1073] FAIL — wrong password
[2026-04-24 08:23:41] [dlebel@D-1077] SUCCESS
[2026-04-24 08:35:28] [dlebel@D-1077] SUCCESS
[2026-04-24 08:37:08] [dlebel@D-1077] SUCCESS
[2026-04-24 10:41:03] [dlebel@D-1077] SUCCESS
[2026-04-27 07:26:20] [dlebel@D-1077] SUCCESS
[2026-04-27 13:01:50] [dlebel@D-1077] SUCCESS
[2026-04-28 15:06:59] [dlebel@D-1077] SUCCESS
[2026-04-29 07:32:47] [dlebel@D-1077] SUCCESS
[2026-04-29 14:05:26] [dlebel@D-1077] FAIL — wrong password
[2026-04-29 14:05:28] [dlebel@D-1077] FAIL — wrong password
[2026-04-29 14:05:31] [dlebel@D-1077] FAIL — wrong password
[2026-04-29 14:05:37] [dlebel@D-1077] FAIL — wrong password
[2026-04-29 14:08:35] [dlebel@D-1077] SUCCESS
[2026-04-29 14:50:24] [engineerpdm@D-1054] SUCCESS
[2026-04-29 15:00:36] [engineerpdm@D-1054] SUCCESS
